../Core/Src/main.c:116:5:main	8	static
../Core/Src/main.c:194:6:SystemClock_Config	96	static
../Core/Src/main.c:243:13:MX_ADC1_Init	32	static
../Core/Src/main.c:346:13:MX_TIM1_Init	112	static
../Core/Src/main.c:438:13:MX_TIM6_Init	24	static
../Core/Src/main.c:476:13:MX_TIM15_Init	112	static
../Core/Src/main.c:555:13:MX_TIM16_Init	8	static
../Core/Src/main.c:587:13:MX_USART1_UART_Init	8	static
../Core/Src/main.c:622:13:MX_USART3_UART_Init	8	static
../Core/Src/main.c:655:13:MX_DMA_Init	16	static
../Core/Src/main.c:686:13:MX_GPIO_Init	40	static
../Core/Src/main.c:755:6:HAL_TIM_PeriodElapsedCallback	16	static
../Core/Src/main.c:774:6:Error_Handler	4	static,ignoring_inline_asm
