../Core/Src/main.c:132:5:main	16	static
../Core/Src/main.c:224:6:SystemClock_Config	96	static
../Core/Src/main.c:273:13:MX_ADC1_Init	32	static
../Core/Src/main.c:376:13:MX_TIM1_Init	112	static
../Core/Src/main.c:468:13:MX_TIM6_Init	24	static
../Core/Src/main.c:506:13:MX_TIM15_Init	112	static
../Core/Src/main.c:585:13:MX_TIM16_Init	8	static
../Core/Src/main.c:617:13:MX_USART1_UART_Init	8	static
../Core/Src/main.c:652:13:MX_USART3_UART_Init	8	static
../Core/Src/main.c:685:13:MX_DMA_Init	16	static
../Core/Src/main.c:716:13:MX_GPIO_Init	40	static
../Core/Src/main.c:785:6:HAL_TIM_PeriodElapsedCallback	16	static
../Core/Src/main.c:802:6:HAL_GPIO_EXTI_Callback	16	static
../Core/Src/main.c:812:6:Error_Handler	4	static,ignoring_inline_asm
